
认证刷新响应: 401
认证刷新失败，状态码: 401
10秒后自动关闭
2026-05-21 05:04:48 - 签到完成
认证刷新响应: 401
认证刷新失败，状态码: 401
10秒后自动关闭
2026-05-21 05:06:23 - 签到完成
正在签到...
签到响应: QZOutputJson=({"ret":-10,"msg":"path /fcgi-bin/comm_cgi/hierarchical_task_system has no match route"});
签到失败：未知错误 (ret=-10, msg=path /fcgi-bin/comm_cgi/hierarchical_task_system has no match route)
10秒后自动关闭
2026-05-21 05:11:23 - 签到完成
正在签到...
签到响应: QZOutputJson=({"ret":-10,"msg":"path /fcgi-bin/comm_cgi/hierarchical_task_system has no match route"});
签到失败：未知错误 (ret=-10, msg=path /fcgi-bin/comm_cgi/hierarchical_task_system has no match route)
10秒后自动关闭
2026-05-21 05:16:49 - 签到完成
正在签到...
签到响应: QZOutputJson=({"ret":-10,"msg":"path /fcgi-bin/comm_cgi/hierarchical_task_system has no match route"});
签到失败：未知错误 (ret=-10, msg=path /fcgi-bin/comm_cgi/hierarchical_task_system has no match route)
10秒后自动关闭
2026-05-21 05:18:27 - 签到完成
[2026-05-21 05:32:07] ==================================================
[2026-05-21 05:32:07] 腾讯视频自动签到开始
[2026-05-21 05:32:07] ==================================================
[2026-05-21 05:32:07] 环境变量读取完成:
[2026-05-21 05:32:07]   - LOGIN_COOKIE: 已配置 (2093 字符)
[2026-05-21 05:32:07]   - AUTH_COOKIE: 已配置 (640 字符)
[2026-05-21 05:32:07]   - WXPUSHER_TOKEN: 未配置
[2026-05-21 05:32:07]   - WXPUSHER_UID: 未配置
[2026-05-21 05:32:07] Cookie 验证: LOGIN_COOKIE 格式正常
[2026-05-21 05:32:07] 正在测试 Cookie 有效性...
[2026-05-21 05:32:08] 测试请求状态码: 200
[2026-05-21 05:32:08] 测试响应: QZOutputJson=({"ret":-10,"msg":"path /fcgi-bin/comm_cgi/hierarchical_task_system has no match route"});...
[2026-05-21 05:32:08] ==================================================
[2026-05-21 05:32:08] 开始执行签到...
[2026-05-21 05:32:08] ==================================================
[2026-05-21 05:32:08] 请求 URL: https://vip.video.qq.com/fcgi-bin/comm_cgi?name=hierarchical_task_system&cmd=2&_=1779341527499
[2026-05-21 05:32:08] 请求 Headers: Referer=https://v.qq.com
[2026-05-21 05:32:08] 请求 Cookie 长度: 2093 字符
[2026-05-21 05:32:09] 响应状态码: 200
[2026-05-21 05:32:09] 响应内容: QZOutputJson=({"ret":-10,"msg":"path /fcgi-bin/comm_cgi/hierarchical_task_system has no match route"});
[2026-05-21 05:32:09] 解析后的响应: {"ret": -10, "msg": "path /fcgi-bin/comm_cgi/hierarchical_task_system has no match route"}
[2026-05-21 05:32:09] ❌ 签到失败：未知错误 (ret=-10, msg=path /fcgi-bin/comm_cgi/hierarchical_task_system has no match route)
[2026-05-21 05:32:09] ==================================================
[2026-05-21 05:32:09] 签到流程结束
[2026-05-21 05:32:09] ==================================================
[2026-05-21 05:32:09] 程序即将退出...
2026-05-21 05:32:11 - 签到完成
[2026-05-21 05:33:35] ==================================================
[2026-05-21 05:33:35] 腾讯视频自动签到开始
[2026-05-21 05:33:35] ==================================================
[2026-05-21 05:33:35] 环境变量读取完成:
[2026-05-21 05:33:35]   - LOGIN_COOKIE: 已配置 (2093 字符)
[2026-05-21 05:33:35]   - AUTH_COOKIE: 已配置 (640 字符)
[2026-05-21 05:33:35]   - WXPUSHER_TOKEN: 未配置
[2026-05-21 05:33:35]   - WXPUSHER_UID: 未配置
[2026-05-21 05:33:35] Cookie 验证: LOGIN_COOKIE 格式正常
[2026-05-21 05:33:35] 正在测试 Cookie 有效性...
[2026-05-21 05:33:36] 测试请求状态码: 200
[2026-05-21 05:33:36] 测试响应: QZOutputJson=({"ret":-10,"msg":"path /fcgi-bin/comm_cgi/hierarchical_task_system has no match route"});...
[2026-05-21 05:33:36] ==================================================
[2026-05-21 05:33:36] 开始执行签到...
[2026-05-21 05:33:36] ==================================================
[2026-05-21 05:33:36] 请求 URL: https://vip.video.qq.com/fcgi-bin/comm_cgi?name=hierarchical_task_system&cmd=2&_=1779341615735
[2026-05-21 05:33:36] 请求 Headers: Referer=https://v.qq.com
[2026-05-21 05:33:36] 请求 Cookie 长度: 2093 字符
[2026-05-21 05:33:37] 响应状态码: 200
[2026-05-21 05:33:37] 响应内容: QZOutputJson=({"ret":-10,"msg":"path /fcgi-bin/comm_cgi/hierarchical_task_system has no match route"});
[2026-05-21 05:33:37] 解析后的响应: {"ret": -10, "msg": "path /fcgi-bin/comm_cgi/hierarchical_task_system has no match route"}
[2026-05-21 05:33:37] ❌ 签到失败：未知错误 (ret=-10, msg=path /fcgi-bin/comm_cgi/hierarchical_task_system has no match route)
[2026-05-21 05:33:37] ==================================================
[2026-05-21 05:33:37] 签到流程结束
[2026-05-21 05:33:37] ==================================================
[2026-05-21 05:33:37] 程序即将退出...
2026-05-21 05:33:39 - 签到完成
[2026-05-21 05:37:59] ==================================================
[2026-05-21 05:37:59] 腾讯视频自动签到开始
[2026-05-21 05:37:59] ==================================================
[2026-05-21 05:37:59] 环境变量读取完成:
[2026-05-21 05:37:59]   - LOGIN_COOKIE: 已配置 (2093 字符)
[2026-05-21 05:37:59]   - AUTH_COOKIE: 已配置 (640 字符)
[2026-05-21 05:37:59]   - WXPUSHER_TOKEN: 未配置
[2026-05-21 05:37:59]   - WXPUSHER_UID: 未配置
[2026-05-21 05:37:59] Cookie 验证: LOGIN_COOKIE 格式正常
[2026-05-21 05:37:59] 正在测试 Cookie 有效性...
[2026-05-21 05:37:59] ==================================================
[2026-05-21 05:37:59] 开始执行签到...
[2026-05-21 05:37:59] ==================================================
[2026-05-21 05:37:59] 请求 URL: https://vip.video.qq.com/rpc/trpc.new_task_system.task_system.TaskSystem/CheckIn?rpc_data=%7B%7D
[2026-05-21 05:37:59] 请求 Headers: Referer=https://v.qq.com
[2026-05-21 05:37:59] 请求 Cookie 长度: 2093 字符
[2026-05-21 05:38:00] 响应状态码: 200
[2026-05-21 05:38:00] 响应内容: {"ret":-110009,"msg":"security check not pass","security_verify":{"iRet":104,"sInnerMsg":"","sUserMsg":"您还未通过图形验证","sBusinessId":"v_value_achieve","sAppId":"2067325355","sJumpUrl":"","sRemark":"vip_access.trpc.new_task_system.task_system.TaskSystem.CheckIn"}}
[2026-05-21 05:38:00] 解析后的响应: {"ret": -110009, "msg": "security check not pass", "security_verify": {"iRet": 104, "sInnerMsg": "", "sUserMsg": "您还未通过图形验证", "sBusinessId": "v_value_achieve", "sAppId": "2067325355", "sJumpUrl": "", "sRemark": "vip_access.trpc.new_task_system.task_system.TaskSystem.CheckIn"}}
[2026-05-21 05:38:00] ❌ 签到失败：未知错误 (ret=-110009, msg=security check not pass)
[2026-05-21 05:38:00] ==================================================
[2026-05-21 05:38:00] 签到流程结束
[2026-05-21 05:38:00] ==================================================
[2026-05-21 05:38:00] 程序即将退出...
2026-05-21 05:38:03 - 签到完成
